
> wpdev-keyboard@0.1.0 build
> next build

  Γû▓ Next.js 14.2.3

   Creating an optimized production build ...
node.exe : Failed to 
compile.
At line:1 char:1
+ & "C:\Program 
Files\nodejs/node.exe" 
"C:\Program 
Files\nodejs/node_mo ...
+ ~~~~~~~~~~~~~~~~~~~~~~~~~
~~~~~~~~~~~~~~~~~~~~~~~~~~~
~~~~~~~~~~~~~~~~~
    + CategoryInfo         
     : NotSpecified: (Fai  
  led to compile.:String   
 ) [], RemoteException
    + FullyQualifiedErrorI 
   d : NativeCommandError
 

./app/globals.css.webpack[j
avascript/auto]!=!./node_mo
dules/next/dist/build/webpa
ck/loaders/css-loader/src/i
ndex.js??ruleSet[1].rules[1
3].oneOf[12].use[2]!./node_
modules/next/dist/build/web
pack/loaders/postcss-loader
/src/index.js??ruleSet[1].r
ules[13].oneOf[12].use[3]!.
/app/globals.css
Error: Cannot find module 
'autoprefixer'
Require stack:
- C:\Users\Shantunu Mandal\
OneDrive\Desktop\shit\node_
modules\next\dist\build\web
pack\config\blocks\css\plug
ins.js
- C:\Users\Shantunu Mandal\
OneDrive\Desktop\shit\node_
modules\next\dist\build\web
pack\config\blocks\css\inde
x.js
- C:\Users\Shantunu Mandal\
OneDrive\Desktop\shit\node_
modules\next\dist\build\web
pack\config\index.js
- C:\Users\Shantunu Mandal\
OneDrive\Desktop\shit\node_
modules\next\dist\build\web
pack-config.js
- C:\Users\Shantunu Mandal\
OneDrive\Desktop\shit\node_
modules\next\dist\build\web
pack-build\impl.js
- C:\Users\Shantunu Mandal\
OneDrive\Desktop\shit\node_
modules\next\dist\compiled\
jest-worker\processChild.js
    at Module.<anonymous> (
node:internal/modules/cjs/l
oader:1448:15)
    at C:\Users\Shantunu Ma
ndal\OneDrive\Desktop\shit\
node_modules\next\dist\serv
er\require-hook.js:55:36
    at require.resolve (nod
e:internal/modules/helpers:
163:19)
    at loadPlugin 
(C:\Users\Shantunu Mandal\O
neDrive\Desktop\shit\node_m
odules\next\dist\build\webp
ack\config\blocks\css\plugi
ns.js:49:32)
    at C:\Users\Shantunu Ma
ndal\OneDrive\Desktop\shit\
node_modules\next\dist\buil
d\webpack\config\blocks\css
\plugins.js:157:56
    at Array.map 
(<anonymous>)
    at getPostCssPlugins 
(C:\Users\Shantunu Mandal\O
neDrive\Desktop\shit\node_m
odules\next\dist\build\webp
ack\config\blocks\css\plugi
ns.js:157:47)
    at async 
C:\Users\Shantunu Mandal\On
eDrive\Desktop\shit\node_mo
dules\next\dist\build\webpa
ck\config\blocks\css\index.
js:124:36
    at async 
C:\Users\Shantunu Mandal\On
eDrive\Desktop\shit\node_mo
dules\next\dist\build\webpa
ck\loaders\postcss-loader\s
rc\index.js:51:40
    at async 
Span.traceAsyncFn 
(C:\Users\Shantunu Mandal\O
neDrive\Desktop\shit\node_m
odules\next\dist\trace\trac
e.js:154:20)

Import trace for requested 
module:
./app/globals.css.webpack[j
avascript/auto]!=!./node_mo
dules/next/dist/build/webpa
ck/loaders/css-loader/src/i
ndex.js??ruleSet[1].rules[1
3].oneOf[12].use[2]!./node_
modules/next/dist/build/web
pack/loaders/postcss-loader
/src/index.js??ruleSet[1].r
ules[13].oneOf[12].use[3]!.
/app/globals.css
./app/globals.css

./app/globals.css
Error: Cannot find module 
'autoprefixer'
Require stack:
- C:\Users\Shantunu Mandal\
OneDrive\Desktop\shit\node_
modules\next\dist\build\web
pack\config\blocks\css\plug
ins.js
- C:\Users\Shantunu Mandal\
OneDrive\Desktop\shit\node_
modules\next\dist\build\web
pack\config\blocks\css\inde
x.js
- C:\Users\Shantunu Mandal\
OneDrive\Desktop\shit\node_
modules\next\dist\build\web
pack\config\index.js
- C:\Users\Shantunu Mandal\
OneDrive\Desktop\shit\node_
modules\next\dist\build\web
pack-config.js
- C:\Users\Shantunu Mandal\
OneDrive\Desktop\shit\node_
modules\next\dist\build\web
pack-build\impl.js
- C:\Users\Shantunu Mandal\
OneDrive\Desktop\shit\node_
modules\next\dist\compiled\
jest-worker\processChild.js
    at Module.<anonymous> (
node:internal/modules/cjs/l
oader:1448:15)
    at C:\Users\Shantunu Ma
ndal\OneDrive\Desktop\shit\
node_modules\next\dist\serv
er\require-hook.js:55:36
    at require.resolve (nod
e:internal/modules/helpers:
163:19)
    at loadPlugin 
(C:\Users\Shantunu Mandal\O
neDrive\Desktop\shit\node_m
odules\next\dist\build\webp
ack\config\blocks\css\plugi
ns.js:49:32)
    at C:\Users\Shantunu Ma
ndal\OneDrive\Desktop\shit\
node_modules\next\dist\buil
d\webpack\config\blocks\css
\plugins.js:157:56
    at Array.map 
(<anonymous>)
    at getPostCssPlugins 
(C:\Users\Shantunu Mandal\O
neDrive\Desktop\shit\node_m
odules\next\dist\build\webp
ack\config\blocks\css\plugi
ns.js:157:47)
    at async 
C:\Users\Shantunu Mandal\On
eDrive\Desktop\shit\node_mo
dules\next\dist\build\webpa
ck\config\blocks\css\index.
js:124:36
    at async 
C:\Users\Shantunu Mandal\On
eDrive\Desktop\shit\node_mo
dules\next\dist\build\webpa
ck\loaders\postcss-loader\s
rc\index.js:51:40
    at async 
Span.traceAsyncFn 
(C:\Users\Shantunu Mandal\O
neDrive\Desktop\shit\node_m
odules\next\dist\trace\trac
e.js:154:20)
    at 
tryRunOrWebpackError 
(C:\Users\Shantunu Mandal\O
neDrive\Desktop\shit\node_m
odules\next\dist\compiled\w
ebpack\bundle5.js:28:312989
)
    at 
__webpack_require_module__ 
(C:\Users\Shantunu Mandal\O
neDrive\Desktop\shit\node_m
odules\next\dist\compiled\w
ebpack\bundle5.js:28:131165
)
    at __nested_webpack_req
uire_153728__ 
(C:\Users\Shantunu Mandal\O
neDrive\Desktop\shit\node_m
odules\next\dist\compiled\w
ebpack\bundle5.js:28:130607
)
    at C:\Users\Shantunu Ma
ndal\OneDrive\Desktop\shit\
node_modules\next\dist\comp
iled\webpack\bundle5.js:28:
131454
    at symbolIterator 
(C:\Users\Shantunu Mandal\O
neDrive\Desktop\shit\node_m
odules\next\dist\compiled\n
eo-async\async.js:1:14444)
    at done 
(C:\Users\Shantunu Mandal\O
neDrive\Desktop\shit\node_m
odules\next\dist\compiled\n
eo-async\async.js:1:14824)
    at Hook.eval [as 
callAsync] (eval at create 
(C:\Users\Shantunu Mandal\O
neDrive\Desktop\shit\node_m
odules\next\dist\compiled\w
ebpack\bundle5.js:13:28858)
, <anonymous>:15:1)
    at 
Hook.CALL_ASYNC_DELEGATE 
[as _callAsync] 
(C:\Users\Shantunu Mandal\O
neDrive\Desktop\shit\node_m
odules\next\dist\compiled\w
ebpack\bundle5.js:13:26012)
    at C:\Users\Shantunu Ma
ndal\OneDrive\Desktop\shit\
node_modules\next\dist\comp
iled\webpack\bundle5.js:28:
130328
    at symbolIterator 
(C:\Users\Shantunu Mandal\O
neDrive\Desktop\shit\node_m
odules\next\dist\compiled\n
eo-async\async.js:1:14402)
-- inner error --
Error: Cannot find module 
'autoprefixer'
Require stack:
- C:\Users\Shantunu Mandal\
OneDrive\Desktop\shit\node_
modules\next\dist\build\web
pack\config\blocks\css\plug
ins.js
- C:\Users\Shantunu Mandal\
OneDrive\Desktop\shit\node_
modules\next\dist\build\web
pack\config\blocks\css\inde
x.js
- C:\Users\Shantunu Mandal\
OneDrive\Desktop\shit\node_
modules\next\dist\build\web
pack\config\index.js
- C:\Users\Shantunu Mandal\
OneDrive\Desktop\shit\node_
modules\next\dist\build\web
pack-config.js
- C:\Users\Shantunu Mandal\
OneDrive\Desktop\shit\node_
modules\next\dist\build\web
pack-build\impl.js
- C:\Users\Shantunu Mandal\
OneDrive\Desktop\shit\node_
modules\next\dist\compiled\
jest-worker\processChild.js
    at Module.<anonymous> (
node:internal/modules/cjs/l
oader:1448:15)
    at C:\Users\Shantunu Ma
ndal\OneDrive\Desktop\shit\
node_modules\next\dist\serv
er\require-hook.js:55:36
    at require.resolve (nod
e:internal/modules/helpers:
163:19)
    at loadPlugin 
(C:\Users\Shantunu Mandal\O
neDrive\Desktop\shit\node_m
odules\next\dist\build\webp
ack\config\blocks\css\plugi
ns.js:49:32)
    at C:\Users\Shantunu Ma
ndal\OneDrive\Desktop\shit\
node_modules\next\dist\buil
d\webpack\config\blocks\css
\plugins.js:157:56
    at Array.map 
(<anonymous>)
    at getPostCssPlugins 
(C:\Users\Shantunu Mandal\O
neDrive\Desktop\shit\node_m
odules\next\dist\build\webp
ack\config\blocks\css\plugi
ns.js:157:47)
    at async 
C:\Users\Shantunu Mandal\On
eDrive\Desktop\shit\node_mo
dules\next\dist\build\webpa
ck\config\blocks\css\index.
js:124:36
    at async 
C:\Users\Shantunu Mandal\On
eDrive\Desktop\shit\node_mo
dules\next\dist\build\webpa
ck\loaders\postcss-loader\s
rc\index.js:51:40
    at async 
Span.traceAsyncFn 
(C:\Users\Shantunu Mandal\O
neDrive\Desktop\shit\node_m
odules\next\dist\trace\trac
e.js:154:20)
    at Object.<anonymous> 
(C:\Users\Shantunu Mandal\O
neDrive\Desktop\shit\node_m
odules\next\dist\build\webp
ack\loaders\css-loader\src\
index.js??ruleSet[1].rules[
13].oneOf[12].use[2]!C:\Use
rs\Shantunu Mandal\OneDrive
\Desktop\shit\node_modules\
next\dist\build\webpack\loa
ders\postcss-loader\src\ind
ex.js??ruleSet[1].rules[13]
.oneOf[12].use[3]!C:\Users\
Shantunu Mandal\OneDrive\De
sktop\shit\app\globals.css:
1:7)
    at C:\Users\Shantunu Ma
ndal\OneDrive\Desktop\shit\
node_modules\next\dist\comp
iled\webpack\bundle5.js:28:
922493
    at Hook.eval [as call] 
(eval at create 
(C:\Users\Shantunu Mandal\O
neDrive\Desktop\shit\node_m
odules\next\dist\compiled\w
ebpack\bundle5.js:13:28636)
, <anonymous>:7:1)
    at Hook.CALL_DELEGATE 
[as _call] 
(C:\Users\Shantunu Mandal\O
neDrive\Desktop\shit\node_m
odules\next\dist\compiled\w
ebpack\bundle5.js:13:25906)
    at C:\Users\Shantunu Ma
ndal\OneDrive\Desktop\shit\
node_modules\next\dist\comp
iled\webpack\bundle5.js:28:
131198
    at 
tryRunOrWebpackError 
(C:\Users\Shantunu Mandal\O
neDrive\Desktop\shit\node_m
odules\next\dist\compiled\w
ebpack\bundle5.js:28:312943
)
    at 
__webpack_require_module__ 
(C:\Users\Shantunu Mandal\O
neDrive\Desktop\shit\node_m
odules\next\dist\compiled\w
ebpack\bundle5.js:28:131165
)
    at __nested_webpack_req
uire_153728__ 
(C:\Users\Shantunu Mandal\O
neDrive\Desktop\shit\node_m
odules\next\dist\compiled\w
ebpack\bundle5.js:28:130607
)
    at C:\Users\Shantunu Ma
ndal\OneDrive\Desktop\shit\
node_modules\next\dist\comp
iled\webpack\bundle5.js:28:
131454
    at symbolIterator 
(C:\Users\Shantunu Mandal\O
neDrive\Desktop\shit\node_m
odules\next\dist\compiled\n
eo-async\async.js:1:14444)

Generated code for 
C:\Users\Shantunu Mandal\On
eDrive\Desktop\shit\node_mo
dules\next\dist\build\webpa
ck\loaders\css-loader\src\i
ndex.js??ruleSet[1].rules[1
3].oneOf[12].use[2]!C:\User
s\Shantunu Mandal\OneDrive\
Desktop\shit\node_modules\n
ext\dist\build\webpack\load
ers\postcss-loader\src\inde
x.js??ruleSet[1].rules[13].
oneOf[12].use[3]!C:\Users\S
hantunu Mandal\OneDrive\Des
ktop\shit\app\globals.css

Import trace for requested 
module:
./app/globals.css


> Build failed because of 
webpack errors
